Proxy:
  - {name: 🇺🇲 BGP 美国Netflix(1), server: cuteus.zhileshu.com, port: 443, type: vmess, uuid: D8568173-E88C-F6AA-0E24-98079DC6F80F, alterId: 0, cipher: auto, tls: true, network: ws, ws-path: /, ws-headers: {Host: cuteus.zhileshu.com}, headers: {Host: cuteus.zhileshu.com}}
  - {name: 🇭🇰 BGP 香港Netflix(1), server: cutehk.zhileshu.com, port: 443, type: vmess, uuid: D8568173-E88C-F6AA-0E24-98079DC6F80F, alterId: 0, cipher: auto, tls: true, network: ws, ws-path: /, ws-headers: {Host: cutehk.zhileshu.com}, headers: {Host: cutehk.zhileshu.com}}
  - {name: 🇨🇳 BGP 台湾 Netflix(1), server: cutetw.zhileshu.com, port: 443, type: vmess, uuid: D8568173-E88C-F6AA-0E24-98079DC6F80F, alterId: 0, cipher: auto, tls: true, network: ws, ws-path: /, ws-headers: {Host: cutetw.zhileshu.com}, headers: {Host: cutetw.zhileshu.com}}
  - {name: 🇭🇰 香港HKT-C, server: hktc.988998.xyz, port: 80, type: vmess, uuid: D8568173-E88C-F6AA-0E24-98079DC6F80F, alterId: 0, cipher: auto, tls: false, network: ws, ws-path: /, ws-headers: {Host: download.windowsupdate.com}, headers: {Host: download.windowsupdate.com}}
  - {name: 🇭🇰 香港HKT-D, server: hkt5x.988998.xyz, port: 80, type: vmess, uuid: D8568173-E88C-F6AA-0E24-98079DC6F80F, alterId: 0, cipher: auto, tls: false, network: ws, ws-path: /, ws-headers: {Host: download.windowsupdate.com}, headers: {Host: download.windowsupdate.com}}
  - {name: 🇺🇲 美国洛杉矶, server: laxa.988998.xyz, port: 80, type: vmess, uuid: D8568173-E88C-F6AA-0E24-98079DC6F80F, alterId: 0, cipher: auto, tls: false, network: ws, ws-path: /, ws-headers: {Host: download.windowsupdate.com}, headers: {Host: download.windowsupdate.com}}
  - {name: 🇺🇲 美国圣何塞, server: sjc1.988998.xyz, port: 80, type: vmess, uuid: D8568173-E88C-F6AA-0E24-98079DC6F80F, alterId: 0, cipher: auto, tls: false, network: ws, ws-path: /, ws-headers: {Host: download.windowsupdate.com}, headers: {Host: download.windowsupdate.com}}
  - {name: 网易-如风, server: music.desperadoj.com, port: 30001, type: ss, cipher: aes-128-gcm, password: desperadoj.com}
